\BOOKMARK [1][-]{section.0.1}{\376\377\000K\000h\036\243\000o\000\040\000s\000\341\000t\000\040\000h\000i\036\307\000n\000\040\000t\000r\036\241\000n\000g}{}% 1
\BOOKMARK [1][-]{section.0.2}{\376\377\000T\036\325\000n\000g\000\040\000q\000u\000a\000n\000\040\000c\000h\036\351\000c\000\040\000n\001\003\000n\000g}{}% 2
\BOOKMARK [2][-]{subsection.0.2.1}{\376\377\000B\000i\036\303\000u\000\040\001\021\036\323\000\040\000u\000s\000e\000\040\000c\000a\000s\000e\000\040\000t\036\325\000n\000g\000\040\000q\000u\000\341\000t}{section.0.2}% 3
\BOOKMARK [2][-]{subsection.0.2.2}{\376\377\000B\000i\036\303\000u\000\040\001\021\036\323\000\040\000u\000s\000e\000\040\000c\000a\000s\000e\000\040\000p\000h\000\342\000n\000\040\000r\000\343\000\040\000Q\000u\036\243\000n\000\040\000l\000\375\000\040\000t\000\340\000i\000\040\000s\036\243\000n}{section.0.2}% 4
\BOOKMARK [2][-]{subsection.0.2.3}{\376\377\000B\000i\036\303\000u\000\040\001\021\036\323\000\040\000u\000s\000e\000\040\000c\000a\000s\000e\000\040\000p\000h\000\342\000n\000\040\000r\000\343\000\040\000c\000h\036\351\000c\000\040\000n\001\003\000n\000g\000\040\000Q\000u\036\243\000n\000\040\000l\000\375\000\040\000n\000g\001\260\036\335\000i\000\040\000d\000\371\000n\000g}{section.0.2}% 5
\BOOKMARK [2][-]{subsection.0.2.4}{\376\377\000B\000i\036\303\000u\000\040\001\021\036\323\000\040\000u\000s\000e\000\040\000c\000a\000s\000e\000\040\000p\000h\000\342\000n\000\040\000r\000\343\000\040\000c\000h\036\351\000c\000\040\000n\001\003\000n\000g\000\040\000Q\000u\036\243\000n\000\040\000l\000\375\000\040\000n\000h\000\340\000\040\000c\000u\000n\000g\000\040\000c\036\245\000p}{section.0.2}% 6
\BOOKMARK [2][-]{subsection.0.2.5}{\376\377\000B\000i\036\303\000u\000\040\001\021\036\323\000\040\000u\000s\000e\000\040\000c\000a\000s\000e\000\040\000p\000h\000\342\000n\000\040\000r\000\343\000\040\000c\000h\036\351\000c\000\040\000n\001\003\000n\000g\000\040\000Q\000u\036\243\000n\000\040\000l\000\375\000\040\000t\000\340\000i\000\040\000k\000h\000o\036\243\000n}{section.0.2}% 7
\BOOKMARK [2][-]{subsection.0.2.6}{\376\377\000Q\000u\000y\000\040\000t\000r\000\354\000n\000h\000\040\000n\000g\000h\000i\036\307\000p\000\040\000v\036\345}{section.0.2}% 8
\BOOKMARK [1][-]{section.0.3}{\376\377\001\020\036\267\000c\000\040\000t\036\243\000\040\000c\000h\036\351\000c\000\040\000n\001\003\000n\000g}{}% 9
\BOOKMARK [2][-]{subsection.0.3.1}{\376\377\001\020\036\267\000c\000\040\000t\036\243\000\040\000u\000s\000e\000\040\000c\000a\000s\000e\000:\000\040\000Q\000u\036\243\000n\000\040\000l\000\375\000\040\000t\000\340\000i\000\040\000k\000h\000o\036\243\000n}{section.0.3}% 10
\BOOKMARK [2][-]{subsection.0.3.2}{\376\377\001\020\036\267\000c\000\040\000t\036\243\000\040\000u\000s\000e\000\040\000c\000a\000s\000e\000:\000\040\000Q\000u\036\243\000n\000\040\000l\000\375\000\040\000t\000\340\000i\000\040\000s\036\243\000n}{section.0.3}% 11
\BOOKMARK [2][-]{subsection.0.3.3}{\376\377\001\020\036\267\000c\000\040\000t\036\243\000\040\000u\000s\000e\000\040\000c\000a\000s\000e\000:\000\040\000Q\000u\036\243\000n\000\040\000l\000\375\000\040\000p\000h\000\362\000n\000g\000\040\000h\036\315\000c}{section.0.3}% 12
\BOOKMARK [2][-]{subsection.0.3.4}{\376\377\001\020\036\267\000c\000\040\000t\036\243\000\040\000u\000s\000e\000\040\000c\000a\000s\000e\000:\000\040\000Q\000u\036\243\000n\000\040\000l\000\375\000\040\000t\000i\000\352\000u\000\040\000h\000a\000o\000\040\000p\000h\036\251\000m}{section.0.3}% 13
\BOOKMARK [1][-]{section.0.4}{\376\377\000Y\000\352\000u\000\040\000c\036\247\000u\000\040\000p\000h\000i\000\040\000c\000h\036\351\000c\000\040\000n\001\003\000n\000g}{}% 14
\BOOKMARK [2][-]{subsection.0.4.1}{\376\377\000Y\000\352\000u\000\040\000c\036\247\000u\000\040\000v\036\301\000\040\000h\000i\036\307\000u\000\040\000n\001\003\000n\000g}{section.0.4}% 15
\BOOKMARK [2][-]{subsection.0.4.2}{\376\377\000Y\000\352\000u\000\040\000c\036\247\000u\000\040\000v\036\301\000\040\001\021\036\331\000\040\000t\000i\000n\000\040\000c\036\255\000y\000\040\000v\000\340\000\040\000a\000n\000\040\000t\000o\000\340\000n\000\040\000d\036\357\000\040\000l\000i\036\307\000u}{section.0.4}% 16
\BOOKMARK [2][-]{subsection.0.4.3}{\376\377\000Y\000\352\000u\000\040\000c\036\247\000u\000\040\000v\036\301\000\040\000b\036\243\000o\000\040\000m\036\255\000t}{section.0.4}% 17
\BOOKMARK [2][-]{subsection.0.4.4}{\376\377\000Y\000\352\000u\000\040\000c\036\247\000u\000\040\000v\036\301\000\040\000t\000\355\000n\000h\000\040\000d\036\305\000\040\000s\036\355\000\040\000d\036\345\000n\000g}{section.0.4}% 18
\BOOKMARK [2][-]{subsection.0.4.5}{\376\377\000Y\000\352\000u\000\040\000c\036\247\000u\000\040\000v\036\301\000\040\000k\000h\036\243\000\040\000n\001\003\000n\000g\000\040\000m\036\337\000\040\000r\036\331\000n\000g\000\040\000v\000\340\000\040\000b\036\243\000o\000\040\000t\000r\000\354}{section.0.4}% 19
\BOOKMARK [2][-]{subsection.0.4.6}{\376\377\000Y\000\352\000u\000\040\000c\036\247\000u\000\040\000v\036\301\000\040\000c\000\364\000n\000g\000\040\000n\000g\000h\036\307\000\040\000v\000\340\000\040\000k\036\371\000\040\000t\000h\000u\036\255\000t}{section.0.4}% 20
